// Jest Snapshot v1, https://goo.gl/fbAQLP

exports[`ClearButtonComponent Button Snapshot should match 1`] = `
"<div className=\\"clear_btn\\" onClick={[Function: onClick]} data-testid=\\"clearButton\\">
  <u>
    C
  </u>
  LEAR
</div>"
`;
